
[1m[30m[46m RUN [49m[39m[22m [36mv4.1.8 [39m[90mD:/¦¦TÃTÀTÁTË/ReactRS/react-task-2026[39m

[90mstdout[2m | src/App.test.tsx[2m > [22m[2mApp[2m > [22m[2madds card after form submit
[22m[39m[36m<body>[39m
  [36m<div[39m
    [33mid[39m=[32m"modal-root"[39m
  [36m>[39m
    [36m<div[39m
      [33mclass[39m=[32m"overlay"[39m
    [36m>[39m
      [36m<div[39m
        [33mclass[39m=[32m"modal"[39m
      [36m>[39m
        [36m<button[39m
          [33mclass[39m=[32m"close-button"[39m
        [36m>[39m
          [0mX[0m
        [36m</button>[39m
        [36m<form[39m
          [33mclass[39m=[32m"form"[39m
        [36m>[39m
          [36m<div[39m
            [33mclass[39m=[32m"form-section"[39m
          [36m>[39m
            [36m<div[39m
              [33mclass[39m=[32m"form-field"[39m
            [36m>[39m
              [36m<label[39m
                [33mclass[39m=[32m"label"[39m
                [33mfor[39m=[32m"name"[39m
              [36m>[39m
                [0mName[0m
              [36m</label>[39m
              [36m<input[39m
                [33mclass[39m=[32m"input"[39m
                [33mid[39m=[32m"name"[39m
                [33mname[39m=[32m"name"[39m
              [36m/>[39m
              [36m<p[39m
                [33mclass[39m=[32m"error"[39m
              [36m/>[39m
            [36m</div>[39m
            [36m<div[39m
              [33mclass[39m=[32m"form-field"[39m
            [36m>[39m
              [36m<label[39m
                [33mclass[39m=[32m"label"[39m
                [33mfor[39m=[32m"email"[39m
              [36m>[39m
                [0mEmail[0m
              [36m</label>[39m
              [36m<input[39m
                [33mclass[39m=[32m"input"[39m
                [33mid[39m=[32m"email"[39m
                [33mname[39m=[32m"email"[39m
              [36m/>[39m
              [36m<p[39m
                [33mclass[39m=[32m"error"[39m
              [36m/>[39m
            [36m</div>[39m
            [36m<div[39m
              [33mclass[39m=[32m"form-field"[39m
            [36m>[39m
              [36m<label[39m
                [33mclass[39m=[32m"label"[39m
                [33mfor[39m=[32m"age"[39m
              [36m>[39m
                [0mAge[0m
              [36m</label>[39m
              [36m<input[39m
                [33mclass[39m=[32m"input"[39m
                [33mid[39m=[32m"age"[39m
                [33mname[39m=[32m"age"[39m
                [33mtype[39m=[32m"number"[39m
              [36m/>[39m
              [36m<p[39m
                [33mclass[39m=[32m"error"[39m
              [36m/>[39m
            [36m</div>[39m
            [36m<div[39m
              [33mclass[39m=[32m"form-field"[39m
            [36m>[39m
              [36m<label[39m
                [33mclass[39m=[32m"label"[39m
                [33mfor[39m=[32m"gender"[39m
              [36m>[39m
                [0mGender[0m
              [36m</label>[39m
              [36m<select[39m
                [33mclass[39m=[32m"input"[39m
                [33mid[39m=[32m"gender"[39m
                [33mname[39m=[32m"gender"[39m
              [36m>[39m
                [36m<option[39m
                  [33mvalue[39m=[32m"male"[39m
                [36m>[39m
                  [0mMale[0m
                [36m</option>[39m
                [36m<option[39m
                  [33mvalue[39m=[32m"female"[39m
                [36m>[39m
                  [0mFemale[0m
                [36m</option>[39m
                [36m<option[39m
                  [33mvalue[39m=[32m"other"[39m
                [36m>[39m
                  [0mOther[0m
                [36m</option>[39m
              [36m</select>[39m
              [36m<p[39m
                [33mclass[39m=[32m"error"[39m
              [36m/>[39m
            [36m</div>[39m
            [36m<div[39m
              [33mclass[39m=[32m"form-field"[39m
            [36m>[39m
              [36m<label[39m
                [33mclass[39m=[32m"label"[39m
                [33mfor[39m=[32m"terms"[39m
              [36m>[39m
                [36m<input[39m
                  [33mid[39m=[32m"terms"[39m
                  [33mname[39m=[32m"terms"[39m
                  [33mtype[39m=[32m"checkbox"[39m
                [36m/>[39m
                [0mI agree to the terms and conditions[0m
              [36m</label>[39m
              [36m<p[39m
                [33mclass[39m=[32m"error"[39m
              [36m/>[39m
            [36m</div>[39m
            [36m<div[39m
              [33mclass[39m=[32m"form-field"[39m
            [36m>[39m
              [36m<div[39m
                [33mclass[39m=[32m"file-row"[39m
              [36m>[39m
                [36m<label[39m
                  [33mclass[39m=[32m"file-label"[39m
                  [33mfor[39m=[32m"image"[39m
                [36m>[39m
                  [0mUpload photo[0m
                [36m</label>[39m
                [36m<input[39m
                  [33maccept[39m=[32m".png,.jpg,.jpeg"[39m
                  [33mclass[39m=[32m"file-input"[39m
                  [33mid[39m=[32m"image"[39m
                  [33mname[39m=[32m"image"[39m
                  [33mtype[39m=[32m"file"[39m
                [36m/>[39m
                [36m<p[39m
                  [33mclass[39m=[32m"selected-file"[39m
                [36m>[39m
                  [0mNo file selected[0m
                [36m</p>[39m
              [36m</div>[39m
              [36m<p[39m
                [33mclass[39m=[32m"error"[39m
              [36m/>[39m
            [36m</div>[39m
            [36m<div[39m
              [33mclass[39m=[32m"form-field"[39m
            [36m>[39m
              [36m<label[39m
                [33mclass[39m=[32m"label"[39m
                [33mfor[39m=[32m"password"[39m
              [36m>[39m
                [0mPassword[0m
              [36m</label>[39m
              [36m<input[39m
                [33mclass[39m=[32m"input"[39m
                [33mid[39m=[32m"password"[39m
                [33mname[39m=[32m"password"[39m
                [33mtype[39m=[32m"password"[39m
              [36m/>[39m
              [36m<ul[39m
                [33mclass[39m=[32m"password-strength"[39m
              [36m>[39m
                [36m<li[39m
                  [33mclass[39m=[32m"invalid"[39m
                [36m>[39m
                  [0mUppercase letter[0m
                [36m</li>[39m
                [36m<li[39m
                  [33mclass[39m=[32m"invalid"[39m
                [36m>[39m
                  [0mLowercase letter[0m
                [36m</li>[39m
                [36m<li[39m
                  [33mclass[39m=[32m"invalid"[39m
                [36m>[39m
                  [0mNumber[0m
                [36m</li>[39m
                [36m<li[39m
                  [33mclass[39m=[32m"invalid"[39m
                [36m>[39m
                  [0mSpecial character[0m
                [36m</li>[39m
              [36m</ul>[39m
              [36m<p[39m
                [33mclass[39m=[32m"error"[39m
              [36m/>[39m
            [36m</div>[39m
            [36m<div[39m
              [33mclass[39m=[32m"form-field"[39m
            [36m>[39m
              [36m<label[39m
                [33mclass[39m=[32m"label"[39m
                [33mfor[39m=[32m"confirmPassword"[39m
              [36m>[39m
                [0mConfirm password[0m
              [36m</label>[39m
              [36m<input[39m
                [33mclass[39m=[32m"input"[39m
                [33mid[39m=[32m"confirmPassword"[39m
                [33mname[39m=[32m"confirmPassword"[39m
                [33mtype[39m=[32m"password"[39m
              [36m/>[39m
              [36m<p[39m
                [33mclass[39m=[32m"error"[39m
              [36m/>[39m
            [36m</div>[39m
            [36m<div[39m
              [33mclass[39m=[32m"form-field"[39m
            [36m>[39m
              [36m<label[39m
                [33mclass[39m=[32m"label"[39m
                [33mfor[39m=[32m"country"[39m
              [36m>[39m
                [0mCountry[0m
              [36m</label>[39m
              [36m<div[39m
                [33mclass[39m=[32m"autocomplete"[39m
              [36m>[39m
                [36m<input[39m
                  [33mautocomplete[39m=[32m"off"[39m
                  [33mclass[39m=[32m"input"[39m
                  [33mid[39m=[32m"country"[39m
                  [33mvalue[39m=[32m""[39m
                [36m/>[39m
              [36m</div>[39m
              [36m<input[39m
                [33mname[39m=[32m"country"[39m
                [33mtype[39m=[32m"hidden"[39m
                [33mvalue[39m=[32m""[39m
              [36m/>[39m
              [36m<p[39m
                [33mclass[39m=[32m"error"[39m
              [36m/>[39m
            [36m</div>[39m
          [36m</div>[39m
          [36m<button[39m
            [33mclass[39m=[32m"button"[39m
            [33mtype[39m=[32m"submit"[39m
          [36m>[39m
            [0mSubmit[0m
          [36m</button>[39m
        [36m</form>[39m
      [36m</div>[39m
    [36m</div>[39m
  [36m</div>[39m
  [36m<div>[39m
    [36m<main>[39m
      [36m<div[39m
        [33mclass[39m=[32m"container"[39m
      [36m>[39m
        [36m<h1>[39m
          [0mReact Forms[0m
        [36m</h1>[39m
        [36m<button[39m
          [33mclass[39m=[32m"left-button"[39m
          [33mtype[39m=[32m"button"[39m
        [36m>[39m
          [0mUncontrolled Form[0m
        [36m</button>[39m
        [36m<button[39m
          [33mclass[39m=[32m"right-button"[39m
          [33mtype[39m=[32m"button"[39m
        [36m>[39m
          [0mReact Hook Form[0m
        [36m</button>[39m
        [36m<div[39m
          [33mclass[39m=[32m"cards"[39m
        [36m/>[39m
      [36m</div>[39m
    [36m</main>[39m
    [0m [0m
  [36m</div>[39m
[36m</body>[39m

 [31m+×[39m src/App.test.tsx[2m > [22mApp[2m > [22madds card after form submit[33m 2432[2mms[22m[39m
[31m   òÆÒ Unable to find an element with the text: John. This could be because the text is broken up by multiple elements. In this case, you can provide a function for your text matcher to make your matcher more flexible.

Ignored nodes: comments, script, style
[36m<body>[31m
  [36m<div[31m
    [33mid[31m=[32m"modal-root"[31m
  [36m>[31m
    [36m<div[31m
      [33mclass[31m=[32m"overlay"[31m
    [36m>[31m
      [36m<div[31m
        [33mclass[31m=[32m"modal"[31m
      [36m>[31m
        [36m<button[31m
          [33mclass[31m=[32m"close-button"[31m
        [36m>[31m
          [0mX[0m
        [36m</button>[31m
        [36m<form[31m
          [33mclass[31m=[32m"form"[31m
        [36m>[31m
          [36m<div[31m
            [33mclass[31m=[32m"form-section"[31m
          [36m>[31m
            [36m<div[31m
              [33mclass[31m=[32m"form-field"[31m
            [36m>[31m
              [36m<label[31m
                [33mclass[31m=[32m"label"[31m
                [33mfor[31m=[32m"name"[31m
              [36m>[31m
                [0mName[0m
              [36m</label>[31m
              [36m<input[31m
                [33mclass[31m=[32m"input"[31m
                [33mid[31m=[32m"name"[31m
                [33mname[31m=[32m"name"[31m
              [36m/>[31m
              [36m<p[31m
                [33mclass[31m=[32m"error"[31m
              [36m/>[31m
            [36m</div>[31m
            [36m<div[31m
              [33mclass[31m=[32m"form-field"[31m
            [36m>[31m
              [36m<label[31m
                [33mclass[31m=[32m"label"[31m
                [33mfor[31m=[32m"email"[31m
              [36m>[31m
                [0mEmail[0m
              [36m</label>[31m
              [36m<input[31m
                [33mclass[31m=[32m"input"[31m
                [33mid[31m=[32m"email"[31m
                [33mname[31m=[32m"email"[31m
              [36m/>[31m
              [36m<p[31m
                [33mclass[31m=[32m"error"[31m
              [36m/>[31m
            [36m</div>[31m
            [36m<div[31m
              [33mclass[31m=[32m"form-field"[31m
            [36m>[31m
              [36m<label[31m
                [33mclass[31m=[32m"label"[31m
                [33mfor[31m=[32m"age"[31m
              [36m>[31m
                [0mAge[0m
              [36m</label>[31m
              [36m<input[31m
                [33mclass[31m=[32m"input"[31m
                [33mid[31m=[32m"age"[31m
                [33mname[31m=[32m"age"[31m
                [33mtype[31m=[32m"number"[31m
              [36m/>[31m
              [36m<p[31m
                [33mclass[31m=[32m"error"[31m
              [36m/>[31m
            [36m</div>[31m
            [36m<div[31m
              [33mclass[31m=[32m"form-field"[31m
            [36m>[31m
              [36m<label[31m
                [33mclass[31m=[32m"label"[31m
                [33mfor[31m=[32m"gender"[31m
              [36m>[31m
                [0mGender[0m
              [36m</label>[31m
              [36m<select[31m
                [33mclass[31m=[32m"input"[31m
                [33mid[31m=[32m"gender"[31m
                [33mname[31m=[32m"gender"[31m
              [36m>[31m
                [36m<option[31m
                  [33mvalue[31m=[32m"male"[31m
                [36m>[31m
                  [0mMale[0m
                [36m</option>[31m
                [36m<option[31m
                  [33mvalue[31m=[32m"female"[31m
                [36m>[31m
                  [0mFemale[0m
                [36m</option>[31m
                [36m<option[31m
                  [33mvalue[31m=[32m"other"[31m
                [36m>[31m
                  [0mOther[0m
                [36m</option>[31m
              [36m</select>[31m
              [36m<p[31m
                [33mclass[31m=[32m"error"[31m
              [36m/>[31m
            [36m</div>[31m
            [36m<div[31m
              [33mclass[31m=[32m"form-field"[31m
            [36m>[31m
              [36m<label[31m
                [33mclass[31m=[32m"label"[31m
                [33mfor[31m=[32m"terms"[31m
              [36m>[31m
                [36m<input[31m
                  [33mid[31m=[32m"terms"[31m
                  [33mname[31m=[32m"terms"[31m
                  [33mtype[31m=[32m"checkbox"[31m
                [36m/>[31m
                [0mI agree to the terms and conditions[0m
              [36m</label>[31m
              [36m<p[31m
                [33mclass[31m=[32m"error"[31m
              [36m/>[31m
            [36m</div>[31m
            [36m<div[31m
              [33mclass[31m=[32m"form-field"[31m
            [36m>[31m
              [36m<div[31m
                [33mclass[31m=[32m"file-row"[31m
              [36m>[31m
                [36m<label[31m
                  [33mclass[31m=[32m"file-label"[31m
                  [33mfor[31m=[32m"image"[31m
                [36m>[31m
                  [0mUpload photo[0m
                [36m</label>[31m
                [36m<input[31m
                  [33maccept[31m=[32m".png,.jpg,.jpeg"[31m
                  [33mclass[31m=[32m"file-input"[31m
                  [33mid[31m=[32m"image"[31m
                  [33mname[31m=[32m"image"[31m
                  [33mtype[31m=[32m"file"[31m
                [36m/>[31m
                [36m<p[31m
                  [33mclass[31m=[32m"selected-file"[31m
                [36m>[31m
                  [0mtest.png[0m
                [36m</p>[31m
              [36m</div>[31m
              [36m<p[31m
                [33mclass[31m=[32m"error"[31m
              [36m>[31m
                [0mOnly PNG/JPEG[0m
              [36m</p>[31m
            [36m</div>[31m
            [36m<div[31m
              [33mclass[31m=[32m"form-field"[31m
            [36m>[31m
              [36m<label[31m
                [33mclass[31m=[32m"label"[31m
                [33mfor[31m=[32m"password"[31m
              [36m>[31m
                [0mPassword[0m
              [36m</label>[31m
              [36m<input[31m
                [33mclass[31m=[32m"input"[31m
                [33mid[31m=[32m"password"[31m
                [33mname[31m=[32m"password"[31m
                [33mtype[31m=[32m"password"[31m
              [36m/>[31m
              [36m<ul[31m
                [33mclass[31m=[32m"password-strength"[31m
              [36m>[31m
                [36m<li[31m
                  [33mclass[31m=[32m"valid"[31m
                [36m>[31m
                  [0mUppercase letter[0m
                [36m</li>[31m
                [36m<li[31m
                  [33mclass[31m=[32m"valid"[31m
                [36m>[31m
                  [0mLowercase letter[0m
                [36m</li>[31m
                [36m<li[31m
                  [33mclass[31m=[32m"valid"[31m
                [36m>[31m
                  [0mNumber[0m
                [36m</li>[31m
                [36m<li[31m
                  [33mclass[31m=[32m"valid"[31m
                [36m>[31m
                  [0mSpecial character[0m
                [36m</li>[31m
              [36m</ul>[31m
              [36m<p[31m
                [33mclass[31m=[32m"error"[31m
              [36m/>[31m
            [36m</div>[31m
            [36m<div[31m
              [33mclass[31m=[32m"form-field"[31m
            [36m>[31m
              [36m<label[31m
                [33mclass[31m=[32m"label"[31m
                [33mfor[31m=[32m"confirmPassword"[31m
              [36m>[31m
                [0mConfirm password[0m
              [36m</label>[31m
              [36m<input[31m
                [33mclass[31m=[32m"input"[31m
                [33mid[31m=[32m"confirmPassword"[31m
                [33mname[31m=[32m"confirmPassword"[31m
                [33mtype[31m=[32m"password"[31m
              [36m/>[31m
              [36m<p[31m
                [33mclass[31m=[32m"error"[31m
              [36m/>[31m
            [36m</div>[31m
            [36m<div[31m
              [33mclass[31m=[32m"form-field"[31m
            [36m>[31m
              [36m<label[31m
                [33mclass[31m=[32m"label"[31m
                [33mfor[31m=[32m"country"[31m
              [36m>[31m
                [0mCountry[0m
              [36m</label>[31m
              [36m<div[31m
                [33mclass[31m=[32m"autocomplete"[31m
              [36m>[31m
                [36m<input[31m
                  [33mautocomplete[31m=[32m"off"[31m
                  [33mclass[31m=[32m"input"[31m
                  [33mid[31m=[32m"country"[31m
                  [33mvalue[31m=[32m"Poland"[31m
                [36m/>[31m
              [36m</div>[31m
              [36m<input[31m
                [33mname[31m=[32m"country"[31m
                [33mtype[31m=[32m"hidden"[31m
                [33mvalue[31m=[32m"Poland"[31m
              [36m/>[31m
              [36m<p[31m
                [33mclass[31m=[32m"error"[31m
              [36m/>[31m
            [36m</div>[31m
          [36m</div>[31m
          [36m<button[31m
            [33mclass[31m=[32m"button"[31m
            [33mtype[31m=[32m"submit"[31m
          [36m>[31m
            [0mSubmit[0m
          [36m</button>[31m
        [36m</form>[31m
      [36m</div>[31m
    [36m</div>[31m
  [36m</div>[31m
  [36m<div>[31m
    [36m<main>[31m
      [36m<div[31m
        [33mclass[31m=[32m"container"[31m
      [36m>[31m
        [36m<h1>[31m
          [0mReact Forms[0m
        [36m</h1>[31m
        [36m<button[31m
          [33mclass[31m=[32m"left-button"[31m
          [33mtype[31m=[32m"button"[31m
        [36m>[31m
          [0mUncontrolled Form[0m
        [36m</button>[31m
        [36m<button[31m
          [33mclass[31m=[32m"right-button"[31m
          [33mtype[31m=[32m"button"[31m
        [36m>[31m
          [0mReact Hook Form[0m
        [36m</button>[31m
        [36m<div[31m
          [33mclass[31m=[32m"cards"[31m
        [36m/>[31m
      [36m</div>[31m
    [36m</main>[31m
    [0m [0m
  [36m</div>[31m
[36m</body>[31m

Ignored nodes: comments, script, style
[36m<body>[31m
  [36m<div[31m
    [33mid[31m=[32m"modal-root"[31m
  [36m>[31m
    [36m<div[31m
      [33mclass[31m=[32m"overlay"[31m
    [36m>[31m
      [36m<div[31m
        [33mclass[31m=[32m"modal"[31m
      [36m>[31m
        [36m<button[31m
          [33mclass[31m=[32m"close-button"[31m
        [36m>[31m
          [0mX[0m
        [36m</button>[31m
        [36m<form[31m
          [33mclass[31m=[32m"form"[31m
        [36m>[31m
          [36m<div[31m
            [33mclass[31m=[32m"form-section"[31m
          [36m>[31m
            [36m<div[31m
              [33mclass[31m=[32m"form-field"[31m
            [36m>[31m
              [36m<label[31m
                [33mclass[31m=[32m"label"[31m
                [33mfor[31m=[32m"name"[31m
              [36m>[31m
                [0mName[0m
              [36m</label>[31m
              [36m<input[31m
                [33mclass[31m=[32m"input"[31m
                [33mid[31m=[32m"name"[31m
                [33mname[31m=[32m"name"[31m
              [36m/>[31m
              [36m<p[31m
                [33mclass[31m=[32m"error"[31m
              [36m/>[31m
            [36m</div>[31m
            [36m<div[31m
              [33mclass[31m=[32m"form-field"[31m
            [36m>[31m
              [36m<label[31m
                [33mclass[31m=[32m"label"[31m
                [33mfor[31m=[32m"email"[31m
              [36m>[31m
                [0mEmail[0m
              [36m</label>[31m
              [36m<input[31m
                [33mclass[31m=[32m"input"[31m
                [33mid[31m=[32m"email"[31m
                [33mname[31m=[32m"email"[31m
              [36m/>[31m
              [36m<p[31m
                [33mclass[31m=[32m"error"[31m
              [36m/>[31m
            [36m</div>[31m
            [36m<div[31m
              [33mclass[31m=[32m"form-field"[31m
            [36m>[31m
              [36m<label[31m
                [33mclass[31m=[32m"label"[31m
                [33mfor[31m=[32m"age"[31m
              [36m>[31m
                [0mAge[0m
              [36m</label>[31m
              [36m<input[31m
                [33mclass[31m=[32m"input"[31m
                [33mid[31m=[32m"age"[31m
                [33mname[31m=[32m"age"[31m
                [33mtype[31m=[32m"number"[31m
              [36m/>[31m
              [36m<p[31m
                [33mclass[31m=[32m"error"[31m
              [36m/>[31m
            [36m</div>[31m
            [36m<div[31m
              [33mclass[31m=[32m"form-field"[31m
            [36m>[31m
              [36m<label[31m
                [33mclass[31m=[32m"label"[31m
                [33mfor[31m=[32m"gender"[31m
              [36m>[31m
                [0mGender[0m
              [36m</label>[31m
              [36m<select[31m
                [33mclass[31m=[32m"input"[31m
                [33mid[31m=[32m"gender"[31m
                [33mname[31m=[32m"gender"[31m
              [36m>[31m
                [36m<option[31m
                  [33mvalue[31m=[32m"male"[31m
                [36m>[31m
                  [0mMale[0m
                [36m</option>[31m
                [36m<option[31m
                  [33mvalue[31m=[32m"female"[31m
                [36m>[31m
                  [0mFemale[0m
                [36m</option>[31m
                [36m<option[31m
                  [33mvalue[31m=[32m"other"[31m
                [36m>[31m
                  [0mOther[0m
                [36m</option>[31m
              [36m</select>[31m
              [36m<p[31m
                [33mclass[31m=[32m"error"[31m
              [36m/>[31m
            [36m</div>[31m
            [36m<div[31m
              [33mclass[31m=[32m"form-field"[31m
            [36m>[31m
              [36m<label[31m
                [33mclass[31m=[32m"label"[31m
                [33mfor[31m=[32m"terms"[31m
              [36m>[31m
                [36m<input[31m
                  [33mid[31m=[32m"terms"[31m
                  [33mname[31m=[32m"terms"[31m
                  [33mtype[31m=[32m"checkbox"[31m
                [36m/>[31m
                [0mI agree to the terms and conditions[0m
              [36m</label>[31m
              [36m<p[31m
                [33mclass[31m=[32m"error"[31m
              [36m/>[31m
            [36m</div>[31m
            [36m<div[31m
              [33mclass[31m=[32m"form-field"[31m
            [36m>[31m
              [36m<div[31m
                [33mclass[31m=[32m"file-row"[31m
              [36m>[31m
                [36m<label[31m
                  [33mclass[31m=[32m"file-label"[31m
                  [33mfor[31m=[32m"image"[31m
                [36m>[31m
                  [0mUpload photo[0m
                [36m</label>[31m
                [36m<input[31m
                  [33maccept[31m=[32m".png,.jpg,.jpeg"[31m
                  [33mclass[31m=[32m"file-input"[31m
                  [33mid[31m=[32m"image"[31m
                  [33mname[31m=[32m"image"[31m
                  [33mtype[31m=[32m"file"[31m
                [36m/>[31m
                [36m<p[31m
                  [33mclass[31m=[32m"selected-file"[31m
                [36m>[31m
                  [0mtest.png[0m
                [36m</p>[31m
              [36m</div>[31m
              [36m<p[31m
                [33mclass[31m=[32m"error"[31m
              [36m>[31m
                [0mOnly PNG/JPEG[0m
              [36m</p>[31m
            [36m</div>[31m
            [36m<div[31m
              [33mclass[31m=[32m"form-field"[31m
            [36m>[31m
              [36m<label[31m
                [33mclass[31m=[32m"label"[31m
                [33mfor[31m=[32m"password"[31m
              [36m>[31m
                [0mPassword[0m
              [36m</label>[31m
              [36m<input[31m
                [33mclass[31m=[32m"input"[31m
                [33mid[31m=[32m"password"[31m
                [33mname[31m=[32m"password"[31m
                [33mtype[31m=[32m"password"[31m
              [36m/>[31m
              [36m<ul[31m
                [33mclass[31m=[32m"password-strength"[31m
              [36m>[31m
                [36m<li[31m
                  [33mclass[31m=[32m"valid"[31m
                [36m>[31m
                  [0mUppercase letter[0m
                [36m</li>[31m
                [36m<li[31m
                  [33mclass[31m=[32m"valid"[31m
                [36m>[31m
                  [0mLowercase letter[0m
                [36m</li>[31m
                [36m<li[31m
                  [33mclass[31m=[32m"valid"[31m
                [36m>[31m
                  [0mNumber[0m
                [36m</li>[31m
                [36m<li[31m
                  [33mclass[31m=[32m"valid"[31m
                [36m>[31m
                  [0mSpecial character[0m
                [36m</li>[31m
              [36m</ul>[31m
              [36m<p[31m
                [33mclass[31m=[32m"error"[31m
              [36m/>[31m
            [36m</div>[31m
            [36m<div[31m
              [33mclass[31m=[32m"form-field"[31m
            [36m>[31m
              [36m<label[31m
                [33mclass[31m=[32m"label"[31m
                [33mfor[31m=[32m"confirmPassword"[31m
              [36m>[31m
                [0mConfirm password[0m
              [36m</label>[31m
              [36m<input[31m
                [33mclass[31m=[32m"input"[31m
                [33mid[31m=[32m"confirmPassword"[31m
                [33mname[31m=[32m"confirmPassword"[31m
                [33mtype[31m=[32m"password"[31m
              [36m/>[31m
              [36m<p[31m
                [33mclass[31m=[32m"error"[31m
              [36m/>[31m
            [36m</div>[31m
            [36m<div[31m
              [33mclass[31m=[32m"form-field"[31m
            [36m>[31m
              [36m<label[31m
                [33mclass[31m=[32m"label"[31m
                [33mfor[31m=[32m"country"[31m
              [36m>[31m
                [0mCountry[0m
              [36m</label>[31m
              [36m<div[31m
                [33mclass[31m=[32m"autocomplete"[31m
              [36m>[31m
                [36m<input[31m
                  [33mautocomplete[31m=[32m"off"[31m
                  [33mclass[31m=[32m"input"[31m
                  [33mid[31m=[32m"country"[31m
                  [33mvalue[31m=[32m"Poland"[31m
                [36m/>[31m
              [36m</div>[31m
              [36m<input[31m
                [33mname[31m=[32m"country"[31m
                [33mtype[31m=[32m"hidden"[31m
                [33mvalue[31m=[32m"Poland"[31m
              [36m/>[31m
              [36m<p[31m
                [33mclass[31m=[32m"error"[31m
              [36m/>[31m
            [36m</div>[31m
          [36m</div>[31m
          [36m<button[31m
            [33mclass[31m=[32m"button"[31m
            [33mtype[31m=[32m"submit"[31m
          [36m>[31m
            [0mSubmit[0m
          [36m</button>[31m
        [36m</form>[31m
      [36m</div>[31m
    [36m</div>[31m
  [36m</div>[31m
  [36m<div>[31m
    [36m<main>[31m
      [36m<div[31m
        [33mclass[31m=[32m"container"[31m
      [36m>[31m
        [36m<h1>[31m
          [0mReact Forms[0m
        [36m</h1>[31m
        [36m<button[31m
          [33mclass[31m=[32m"left-button"[31m
          [33mtype[31m=[32m"button"[31m
        [36m>[31m
          [0mUncontrolled Form[0m
        [36m</button>[31m
        [36m<button[31m
          [33mclass[31m=[32m"right-button"[31m
          [33mtype[31m=[32m"button"[31m
        [36m>[31m
          [0mReact Hook Form[0m
        [36m</button>[31m
        [36m<div[31m
          [33mclass[31m=[32m"cards"[31m
        [36m/>[31m
      [36m</div>[31m
    [36m</main>[31m
    [0m [0m
  [36m</div>[31m
[36m</body>[31m[39m
 [32mòÜÓ[39m src/App.test.tsx[2m > [22mApp[2m > [22madds card from RHF form[33m 1228[2mms[22m[39m
System.Management.Automation.RemoteException
[31mòÎïòÎïòÎïòÎïòÎïòÎïòÎï[39m[1m[41m Failed Tests 1 [49m[22m[31mòÎïòÎïòÎïòÎïòÎïòÎïòÎï[39m
System.Management.Automation.RemoteException
[41m[1m FAIL [22m[49m src/App.test.tsx[2m > [22mApp[2m > [22madds card after form submit
[31m[1mTestingLibraryElementError[22m[39m: Unable to find an element with the text: John. This could be because the text is broken up by multiple elements. In this case, you can provide a function for your text matcher to make your matcher more flexible.
System.Management.Automation.RemoteException
Ignored nodes: comments, script, style
[36m<body>[39m
  [36m<div[39m
    [33mid[39m=[32m"modal-root"[39m
  [36m>[39m
    [36m<div[39m
      [33mclass[39m=[32m"overlay"[39m
    [36m>[39m
      [36m<div[39m
        [33mclass[39m=[32m"modal"[39m
      [36m>[39m
        [36m<button[39m
          [33mclass[39m=[32m"close-button"[39m
        [36m>[39m
          [0mX[0m
        [36m</button>[39m
        [36m<form[39m
          [33mclass[39m=[32m"form"[39m
        [36m>[39m
          [36m<div[39m
            [33mclass[39m=[32m"form-section"[39m
          [36m>[39m
            [36m<div[39m
              [33mclass[39m=[32m"form-field"[39m
            [36m>[39m
              [36m<label[39m
                [33mclass[39m=[32m"label"[39m
                [33mfor[39m=[32m"name"[39m
              [36m>[39m
                [0mName[0m
              [36m</label>[39m
              [36m<input[39m
                [33mclass[39m=[32m"input"[39m
                [33mid[39m=[32m"name"[39m
                [33mname[39m=[32m"name"[39m
              [36m/>[39m
              [36m<p[39m
                [33mclass[39m=[32m"error"[39m
              [36m/>[39m
            [36m</div>[39m
            [36m<div[39m
              [33mclass[39m=[32m"form-field"[39m
            [36m>[39m
              [36m<label[39m
                [33mclass[39m=[32m"label"[39m
                [33mfor[39m=[32m"email"[39m
              [36m>[39m
                [0mEmail[0m
              [36m</label>[39m
              [36m<input[39m
                [33mclass[39m=[32m"input"[39m
                [33mid[39m=[32m"email"[39m
                [33mname[39m=[32m"email"[39m
              [36m/>[39m
              [36m<p[39m
                [33mclass[39m=[32m"error"[39m
              [36m/>[39m
            [36m</div>[39m
            [36m<div[39m
              [33mclass[39m=[32m"form-field"[39m
            [36m>[39m
              [36m<label[39m
                [33mclass[39m=[32m"label"[39m
                [33mfor[39m=[32m"age"[39m
              [36m>[39m
                [0mAge[0m
              [36m</label>[39m
              [36m<input[39m
                [33mclass[39m=[32m"input"[39m
                [33mid[39m=[32m"age"[39m
                [33mname[39m=[32m"age"[39m
                [33mtype[39m=[32m"number"[39m
              [36m/>[39m
              [36m<p[39m
                [33mclass[39m=[32m"error"[39m
              [36m/>[39m
            [36m</div>[39m
            [36m<div[39m
              [33mclass[39m=[32m"form-field"[39m
            [36m>[39m
              [36m<label[39m
                [33mclass[39m=[32m"label"[39m
                [33mfor[39m=[32m"gender"[39m
              [36m>[39m
                [0mGender[0m
              [36m</label>[39m
              [36m<select[39m
                [33mclass[39m=[32m"input"[39m
                [33mid[39m=[32m"gender"[39m
                [33mname[39m=[32m"gender"[39m
              [36m>[39m
                [36m<option[39m
                  [33mvalue[39m=[32m"male"[39m
                [36m>[39m
                  [0mMale[0m
                [36m</option>[39m
                [36m<option[39m
                  [33mvalue[39m=[32m"female"[39m
                [36m>[39m
                  [0mFemale[0m
                [36m</option>[39m
                [36m<option[39m
                  [33mvalue[39m=[32m"other"[39m
                [36m>[39m
                  [0mOther[0m
                [36m</option>[39m
              [36m</select>[39m
              [36m<p[39m
                [33mclass[39m=[32m"error"[39m
              [36m/>[39m
            [36m</div>[39m
            [36m<div[39m
              [33mclass[39m=[32m"form-field"[39m
            [36m>[39m
              [36m<label[39m
                [33mclass[39m=[32m"label"[39m
                [33mfor[39m=[32m"terms"[39m
              [36m>[39m
                [36m<input[39m
                  [33mid[39m=[32m"terms"[39m
                  [33mname[39m=[32m"terms"[39m
                  [33mtype[39m=[32m"checkbox"[39m
                [36m/>[39m
                [0mI agree to the terms and conditions[0m
              [36m</label>[39m
              [36m<p[39m
                [33mclass[39m=[32m"error"[39m
              [36m/>[39m
            [36m</div>[39m
            [36m<div[39m
              [33mclass[39m=[32m"form-field"[39m
            [36m>[39m
              [36m<div[39m
                [33mclass[39m=[32m"file-row"[39m
              [36m>[39m
                [36m<label[39m
                  [33mclass[39m=[32m"file-label"[39m
                  [33mfor[39m=[32m"image"[39m
                [36m>[39m
                  [0mUpload photo[0m
                [36m</label>[39m
                [36m<input[39m
                  [33maccept[39m=[32m".png,.jpg,.jpeg"[39m
                  [33mclass[39m=[32m"file-input"[39m
                  [33mid[39m=[32m"image"[39m
                  [33mname[39m=[32m"image"[39m
                  [33mtype[39m=[32m"file"[39m
                [36m/>[39m
                [36m<p[39m
                  [33mclass[39m=[32m"selected-file"[39m
                [36m>[39m
                  [0mtest.png[0m
                [36m</p>[39m
              [36m</div>[39m
              [36m<p[39m
                [33mclass[39m=[32m"error"[39m
              [36m>[39m
                [0mOnly PNG/JPEG[0m
              [36m</p>[39m
            [36m</div>[39m
            [36m<div[39m
              [33mclass[39m=[32m"form-field"[39m
            [36m>[39m
              [36m<label[39m
                [33mclass[39m=[32m"label"[39m
                [33mfor[39m=[32m"password"[39m
              [36m>[39m
                [0mPassword[0m
              [36m</label>[39m
              [36m<input[39m
                [33mclass[39m=[32m"input"[39m
                [33mid[39m=[32m"password"[39m
                [33mname[39m=[32m"password"[39m
                [33mtype[39m=[32m"password"[39m
              [36m/>[39m
              [36m<ul[39m
                [33mclass[39m=[32m"password-strength"[39m
              [36m>[39m
                [36m<li[39m
                  [33mclass[39m=[32m"valid"[39m
                [36m>[39m
                  [0mUppercase letter[0m
                [36m</li>[39m
                [36m<li[39m
                  [33mclass[39m=[32m"valid"[39m
                [36m>[39m
                  [0mLowercase letter[0m
                [36m</li>[39m
                [36m<li[39m
                  [33mclass[39m=[32m"valid"[39m
                [36m>[39m
                  [0mNumber[0m
                [36m</li>[39m
                [36m<li[39m
                  [33mclass[39m=[32m"valid"[39m
                [36m>[39m
                  [0mSpecial character[0m
                [36m</li>[39m
              [36m</ul>[39m
              [36m<p[39m
                [33mclass[39m=[32m"error"[39m
              [36m/>[39m
            [36m</div>[39m
            [36m<div[39m
              [33mclass[39m=[32m"form-field"[39m
            [36m>[39m
              [36m<label[39m
                [33mclass[39m=[32m"label"[39m
                [33mfor[39m=[32m"confirmPassword"[39m
              [36m>[39m
                [0mConfirm password[0m
              [36m</label>[39m
              [36m<input[39m
                [33mclass[39m=[32m"input"[39m
                [33mid[39m=[32m"confirmPassword"[39m
                [33mname[39m=[32m"confirmPassword"[39m
                [33mtype[39m=[32m"password"[39m
              [36m/>[39m
              [36m<p[39m
                [33mclass[39m=[32m"error"[39m
              [36m/>[39m
            [36m</div>[39m
            [36m<div[39m
              [33mclass[39m=[32m"form-field"[39m
            [36m>[39m
              [36m<label[39m
                [33mclass[39m=[32m"label"[39m
                [33mfor[39m=[32m"country"[39m
              [36m>[39m
                [0mCountry[0m
              [36m</label>[39m
              [36m<div[39m
                [33mclass[39m=[32m"autocomplete"[39m
              [36m>[39m
                [36m<input[39m
                  [33mautocomplete[39m=[32m"off"[39m
                  [33mclass[39m=[32m"input"[39m
                  [33mid[39m=[32m"country"[39m
                  [33mvalue[39m=[32m"Poland"[39m
                [36m/>[39m
              [36m</div>[39m
              [36m<input[39m
                [33mname[39m=[32m"country"[39m
                [33mtype[39m=[32m"hidden"[39m
                [33mvalue[39m=[32m"Poland"[39m
              [36m/>[39m
              [36m<p[39m
                [33mclass[39m=[32m"error"[39m
              [36m/>[39m
            [36m</div>[39m
          [36m</div>[39m
          [36m<button[39m
            [33mclass[39m=[32m"button"[39m
            [33mtype[39m=[32m"submit"[39m
          [36m>[39m
            [0mSubmit[0m
          [36m</button>[39m
        [36m</form>[39m
      [36m</div>[39m
    [36m</div>[39m
  [36m</div>[39m
  [36m<div>[39m
    [36m<main>[39m
      [36m<div[39m
        [33mclass[39m=[32m"container"[39m
      [36m>[39m
        [36m<h1>[39m
          [0mReact Forms[0m
        [36m</h1>[39m
        [36m<button[39m
          [33mclass[39m=[32m"left-button"[39m
          [33mtype[39m=[32m"button"[39m
        [36m>[39m
          [0mUncontrolled Form[0m
        [36m</button>[39m
        [36m<button[39m
          [33mclass[39m=[32m"right-button"[39m
          [33mtype[39m=[32m"button"[39m
        [36m>[39m
          [0mReact Hook Form[0m
        [36m</button>[39m
        [36m<div[39m
          [33mclass[39m=[32m"cards"[39m
        [36m/>[39m
      [36m</div>[39m
    [36m</main>[39m
    [0m [0m
  [36m</div>[39m
[36m</body>[39m
System.Management.Automation.RemoteException
Ignored nodes: comments, script, style
[36m<body>[39m
  [36m<div[39m
    [33mid[39m=[32m"modal-root"[39m
  [36m>[39m
    [36m<div[39m
      [33mclass[39m=[32m"overlay"[39m
    [36m>[39m
      [36m<div[39m
        [33mclass[39m=[32m"modal"[39m
      [36m>[39m
        [36m<button[39m
          [33mclass[39m=[32m"close-button"[39m
        [36m>[39m
          [0mX[0m
        [36m</button>[39m
        [36m<form[39m
          [33mclass[39m=[32m"form"[39m
        [36m>[39m
          [36m<div[39m
            [33mclass[39m=[32m"form-section"[39m
          [36m>[39m
            [36m<div[39m
              [33mclass[39m=[32m"form-field"[39m
            [36m>[39m
              [36m<label[39m
                [33mclass[39m=[32m"label"[39m
                [33mfor[39m=[32m"name"[39m
              [36m>[39m
                [0mName[0m
              [36m</label>[39m
              [36m<input[39m
                [33mclass[39m=[32m"input"[39m
                [33mid[39m=[32m"name"[39m
                [33mname[39m=[32m"name"[39m
              [36m/>[39m
              [36m<p[39m
                [33mclass[39m=[32m"error"[39m
              [36m/>[39m
            [36m</div>[39m
            [36m<div[39m
              [33mclass[39m=[32m"form-field"[39m
            [36m>[39m
              [36m<label[39m
                [33mclass[39m=[32m"label"[39m
                [33mfor[39m=[32m"email"[39m
              [36m>[39m
                [0mEmail[0m
              [36m</label>[39m
              [36m<input[39m
                [33mclass[39m=[32m"input"[39m
                [33mid[39m=[32m"email"[39m
                [33mname[39m=[32m"email"[39m
              [36m/>[39m
              [36m<p[39m
                [33mclass[39m=[32m"error"[39m
              [36m/>[39m
            [36m</div>[39m
            [36m<div[39m
              [33mclass[39m=[32m"form-field"[39m
            [36m>[39m
              [36m<label[39m
                [33mclass[39m=[32m"label"[39m
                [33mfor[39m=[32m"age"[39m
              [36m>[39m
                [0mAge[0m
              [36m</label>[39m
              [36m<input[39m
                [33mclass[39m=[32m"input"[39m
                [33mid[39m=[32m"age"[39m
                [33mname[39m=[32m"age"[39m
                [33mtype[39m=[32m"number"[39m
              [36m/>[39m
              [36m<p[39m
                [33mclass[39m=[32m"error"[39m
              [36m/>[39m
            [36m</div>[39m
            [36m<div[39m
              [33mclass[39m=[32m"form-field"[39m
            [36m>[39m
              [36m<label[39m
                [33mclass[39m=[32m"label"[39m
                [33mfor[39m=[32m"gender"[39m
              [36m>[39m
                [0mGender[0m
              [36m</label>[39m
              [36m<select[39m
                [33mclass[39m=[32m"input"[39m
                [33mid[39m=[32m"gender"[39m
                [33mname[39m=[32m"gender"[39m
              [36m>[39m
                [36m<option[39m
                  [33mvalue[39m=[32m"male"[39m
                [36m>[39m
                  [0mMale[0m
                [36m</option>[39m
                [36m<option[39m
                  [33mvalue[39m=[32m"female"[39m
                [36m>[39m
                  [0mFemale[0m
                [36m</option>[39m
                [36m<option[39m
                  [33mvalue[39m=[32m"other"[39m
                [36m>[39m
                  [0mOther[0m
                [36m</option>[39m
              [36m</select>[39m
              [36m<p[39m
                [33mclass[39m=[32m"error"[39m
              [36m/>[39m
            [36m</div>[39m
            [36m<div[39m
              [33mclass[39m=[32m"form-field"[39m
            [36m>[39m
              [36m<label[39m
                [33mclass[39m=[32m"label"[39m
                [33mfor[39m=[32m"terms"[39m
              [36m>[39m
                [36m<input[39m
                  [33mid[39m=[32m"terms"[39m
                  [33mname[39m=[32m"terms"[39m
                  [33mtype[39m=[32m"checkbox"[39m
                [36m/>[39m
                [0mI agree to the terms and conditions[0m
              [36m</label>[39m
              [36m<p[39m
                [33mclass[39m=[32m"error"[39m
              [36m/>[39m
            [36m</div>[39m
            [36m<div[39m
              [33mclass[39m=[32m"form-field"[39m
            [36m>[39m
              [36m<div[39m
                [33mclass[39m=[32m"file-row"[39m
              [36m>[39m
                [36m<label[39m
                  [33mclass[39m=[32m"file-label"[39m
                  [33mfor[39m=[32m"image"[39m
                [36m>[39m
                  [0mUpload photo[0m
                [36m</label>[39m
                [36m<input[39m
                  [33maccept[39m=[32m".png,.jpg,.jpeg"[39m
                  [33mclass[39m=[32m"file-input"[39m
                  [33mid[39m=[32m"image"[39m
                  [33mname[39m=[32m"image"[39m
                  [33mtype[39m=[32m"file"[39m
                [36m/>[39m
                [36m<p[39m
                  [33mclass[39m=[32m"selected-file"[39m
                [36m>[39m
                  [0mtest.png[0m
                [36m</p>[39m
              [36m</div>[39m
              [36m<p[39m
                [33mclass[39m=[32m"error"[39m
              [36m>[39m
                [0mOnly PNG/JPEG[0m
              [36m</p>[39m
            [36m</div>[39m
            [36m<div[39m
              [33mclass[39m=[32m"form-field"[39m
            [36m>[39m
              [36m<label[39m
                [33mclass[39m=[32m"label"[39m
                [33mfor[39m=[32m"password"[39m
              [36m>[39m
                [0mPassword[0m
              [36m</label>[39m
              [36m<input[39m
                [33mclass[39m=[32m"input"[39m
                [33mid[39m=[32m"password"[39m
                [33mname[39m=[32m"password"[39m
                [33mtype[39m=[32m"password"[39m
              [36m/>[39m
              [36m<ul[39m
                [33mclass[39m=[32m"password-strength"[39m
              [36m>[39m
                [36m<li[39m
                  [33mclass[39m=[32m"valid"[39m
                [36m>[39m
                  [0mUppercase letter[0m
                [36m</li>[39m
                [36m<li[39m
                  [33mclass[39m=[32m"valid"[39m
                [36m>[39m
                  [0mLowercase letter[0m
                [36m</li>[39m
                [36m<li[39m
                  [33mclass[39m=[32m"valid"[39m
                [36m>[39m
                  [0mNumber[0m
                [36m</li>[39m
                [36m<li[39m
                  [33mclass[39m=[32m"valid"[39m
                [36m>[39m
                  [0mSpecial character[0m
                [36m</li>[39m
              [36m</ul>[39m
              [36m<p[39m
                [33mclass[39m=[32m"error"[39m
              [36m/>[39m
            [36m</div>[39m
            [36m<div[39m
              [33mclass[39m=[32m"form-field"[39m
            [36m>[39m
              [36m<label[39m
                [33mclass[39m=[32m"label"[39m
                [33mfor[39m=[32m"confirmPassword"[39m
              [36m>[39m
                [0mConfirm password[0m
              [36m</label>[39m
              [36m<input[39m
                [33mclass[39m=[32m"input"[39m
                [33mid[39m=[32m"confirmPassword"[39m
                [33mname[39m=[32m"confirmPassword"[39m
                [33mtype[39m=[32m"password"[39m
              [36m/>[39m
              [36m<p[39m
                [33mclass[39m=[32m"error"[39m
              [36m/>[39m
            [36m</div>[39m
            [36m<div[39m
              [33mclass[39m=[32m"form-field"[39m
            [36m>[39m
              [36m<label[39m
                [33mclass[39m=[32m"label"[39m
                [33mfor[39m=[32m"country"[39m
              [36m>[39m
                [0mCountry[0m
              [36m</label>[39m
              [36m<div[39m
                [33mclass[39m=[32m"autocomplete"[39m
              [36m>[39m
                [36m<input[39m
                  [33mautocomplete[39m=[32m"off"[39m
                  [33mclass[39m=[32m"input"[39m
                  [33mid[39m=[32m"country"[39m
                  [33mvalue[39m=[32m"Poland"[39m
                [36m/>[39m
              [36m</div>[39m
              [36m<input[39m
                [33mname[39m=[32m"country"[39m
                [33mtype[39m=[32m"hidden"[39m
                [33mvalue[39m=[32m"Poland"[39m
              [36m/>[39m
              [36m<p[39m
                [33mclass[39m=[32m"error"[39m
              [36m/>[39m
            [36m</div>[39m
          [36m</div>[39m
          [36m<button[39m
            [33mclass[39m=[32m"button"[39m
            [33mtype[39m=[32m"submit"[39m
          [36m>[39m
            [0mSubmit[0m
          [36m</button>[39m
        [36m</form>[39m
      [36m</div>[39m
    [36m</div>[39m
  [36m</div>[39m
  [36m<div>[39m
    [36m<main>[39m
      [36m<div[39m
        [33mclass[39m=[32m"container"[39m
      [36m>[39m
        [36m<h1>[39m
          [0mReact Forms[0m
        [36m</h1>[39m
        [36m<button[39m
          [33mclass[39m=[32m"left-button"[39m
          [33mtype[39m=[32m"button"[39m
        [36m>[39m
          [0mUncontrolled Form[0m
        [36m</button>[39m
        [36m<button[39m
          [33mclass[39m=[32m"right-button"[39m
          [33mtype[39m=[32m"button"[39m
        [36m>[39m
          [0mReact Hook Form[0m
        [36m</button>[39m
        [36m<div[39m
          [33mclass[39m=[32m"cards"[39m
        [36m/>[39m
      [36m</div>[39m
    [36m</main>[39m
    [0m [0m
  [36m</div>[39m
[36m</body>[39m
[90m [2mòÝï[22m waitForWrapper node_modules/@testing-library/dom/dist/wait-for.js:[2m163:27[22m[39m
[90m [2mòÝï[22m node_modules/@testing-library/dom/dist/query-helpers.js:[2m86:33[22m[39m
[36m [2mòÝï[22m src/App.test.tsx:[2m42:25[22m[39m
    [90m 40|[39m     [35mawait[39m user[33m.[39m[34mclick[39m(screen[33m.[39m[34mgetByRole[39m([32m'button'[39m[33m,[39m { name[33m:[39m [36m/submit/i[39m }))[33m;[39m
    [90m 41|[39m
    [90m 42|[39m     [34mexpect[39m([35mawait[39m screen[33m.[39m[34mfindByText[39m([32m'John'[39m))[33m.[39m[34mtoBeInTheDocument[39m()[33m;[39m
    [90m   |[39m                         [31m^[39m
    [90m 43|[39m     [34mexpect[39m(screen[33m.[39m[34mgetByText[39m([32m'john@test.com'[39m))[33m.[39m[34mtoBeInTheDocument[39m()[33m;[39m
    [90m 44|[39m   })[33m;[39m
System.Management.Automation.RemoteException
[31m[2mòÎïòÎïòÎïòÎïòÎïòÎïòÎïòÎïòÎïòÎïòÎïòÎïòÎïòÎïòÎïòÎïòÎïòÎïòÎïòÎïòÎïòÎïòÎïòÎï[1/1]òÎï[22m[39m
System.Management.Automation.RemoteException

[2m Test Files [22m [1m[31m1 failed[39m[22m[90m (1)[39m
[2m      Tests [22m [1m[31m1 failed[39m[22m[2m | [22m[1m[32m1 passed[39m[22m[90m (2)[39m
[2m   Start at [22m 17:50:22
[2m   Duration [22m 6.67s[2m (transform 234ms, setup 199ms, import 631ms, tests 3.66s, environment 1.79s)[22m

